nohup: ignoring input
Requirement already satisfied: pip in ./.venv/lib/python3.13/site-packages (25.3)
Requirement already satisfied: Flask==2.3.2 in ./.venv/lib/python3.13/site-packages (from -r requirements.txt (line 1)) (2.3.2)
Requirement already satisfied: requests==2.31.0 in ./.venv/lib/python3.13/site-packages (from -r requirements.txt (line 2)) (2.31.0)
Requirement already satisfied: Werkzeug>=2.3.3 in ./.venv/lib/python3.13/site-packages (from Flask==2.3.2->-r requirements.txt (line 1)) (3.1.4)
Requirement already satisfied: Jinja2>=3.1.2 in ./.venv/lib/python3.13/site-packages (from Flask==2.3.2->-r requirements.txt (line 1)) (3.1.6)
Requirement already satisfied: itsdangerous>=2.1.2 in ./.venv/lib/python3.13/site-packages (from Flask==2.3.2->-r requirements.txt (line 1)) (2.2.0)
Requirement already satisfied: click>=8.1.3 in ./.venv/lib/python3.13/site-packages (from Flask==2.3.2->-r requirements.txt (line 1)) (8.3.1)
Requirement already satisfied: blinker>=1.6.2 in ./.venv/lib/python3.13/site-packages (from Flask==2.3.2->-r requirements.txt (line 1)) (1.9.0)
Requirement already satisfied: charset-normalizer<4,>=2 in ./.venv/lib/python3.13/site-packages (from requests==2.31.0->-r requirements.txt (line 2)) (3.4.4)
Requirement already satisfied: idna<4,>=2.5 in ./.venv/lib/python3.13/site-packages (from requests==2.31.0->-r requirements.txt (line 2)) (3.11)
Requirement already satisfied: urllib3<3,>=1.21.1 in ./.venv/lib/python3.13/site-packages (from requests==2.31.0->-r requirements.txt (line 2)) (2.6.0)
Requirement already satisfied: certifi>=2017.4.17 in ./.venv/lib/python3.13/site-packages (from requests==2.31.0->-r requirements.txt (line 2)) (2025.11.12)
Requirement already satisfied: MarkupSafe>=2.0 in ./.venv/lib/python3.13/site-packages (from Jinja2>=3.1.2->Flask==2.3.2->-r requirements.txt (line 1)) (3.0.3)
 * Serving Flask app 'server'
 * Debug mode: off
[31m[1mWARNING: This is a development server. Do not use it in a production deployment. Use a production WSGI server instead.[0m
 * Running on http://127.0.0.1:9001
[33mPress CTRL+C to quit[0m
/home/kiliaan/workspace/security/tools/qwe/server.py:36: DeprecationWarning: datetime.datetime.utcnow() is deprecated and scheduled for removal in a future version. Use timezone-aware objects to represent datetimes in UTC: datetime.datetime.now(datetime.UTC).
  'timestamp': datetime.utcnow().isoformat() + 'Z',
127.0.0.1 - - [06/Dec/2025 11:28:21] "[35m[1mPOST /api/v1/agents/message HTTP/1.1[0m" 201 -
127.0.0.1 - - [06/Dec/2025 11:28:31] "GET /api/v1/agents/messages HTTP/1.1" 200 -
